
     ######################################################################
   ##########################################################################
  ###                                                                      ###
 ###            Tinker  ---  Software Tools for Molecular Design            ###
 ##                                                                          ##
 ##                      Version 8.10.5   February 2023                      ##
 ##                                                                          ##
 ##               Copyright (c)  Jay William Ponder  1990-2023               ##
 ###                           All Rights Reserved                          ###
  ###                                                                      ###
   ##########################################################################
     ######################################################################


 Intermolecular Energy :              -2.53004598 Kcal/mole

 Total Potential Energy :            -51.58584111 Kcal/mole

 Energy Component Breakdown :           Kcal/mole        Interactions

 Atomic Multipoles                   -51.58584111              276
