
     ######################################################################
   ##########################################################################
  ###                                                                      ###
 ###            Tinker  ---  Software Tools for Molecular Design            ###
 ##                                                                          ##
 ##                      Version 8.10.5   February 2023                      ##
 ##                                                                          ##
 ##               Copyright (c)  Jay William Ponder  1990-2023               ##
 ###                           All Rights Reserved                          ###
  ###                                                                      ###
   ##########################################################################
     ######################################################################


 Intermolecular Energy :             -19.95124123 Kcal/mole

 Total Potential Energy :            -23.14607036 Kcal/mole

 Energy Component Breakdown :           Kcal/mole        Interactions

 Atomic Multipoles                   -23.14607036               54
